
*** Running vivado
    with args -log design_1_Perceptron_BRAM_0_0.vds -m64 -product Vivado -mode batch -messageDb vivado.pb -notrace -source design_1_Perceptron_BRAM_0_0.tcl



****** Vivado v2025.2 (64-bit)
  **** SW Build 6299465 on Fri Nov 14 19:35:11 GMT 2025
  **** IP Build 6300035 on Fri Nov 14 10:48:45 MST 2025
  **** SharedData Build 6298862 on Thu Nov 13 04:50:51 MST 2025
  **** Start of session at: Thu Jan 29 13:30:43 2026
    ** Copyright 1986-2022 Xilinx, Inc. All Rights Reserved.
    ** Copyright 2022-2025 Advanced Micro Devices, Inc. All Rights Reserved.

source design_1_Perceptron_BRAM_0_0.tcl -notrace
create_project: Time (s): cpu = 00:00:12 ; elapsed = 00:00:08 . Memory (MB): peak = 558.266 ; gain = 253.652
INFO: [IP_Flow 19-234] Refreshing IP repositories
INFO: [IP_Flow 19-1704] No user IP repositories specified
INFO: [IP_Flow 19-2313] Loaded Vivado IP repository 'C:/Program/2025.2/Vivado/data/ip'.
Command: synth_design -top design_1_Perceptron_BRAM_0_0 -part xc7a35tcpg236-1 -incremental_mode off -mode out_of_context
Starting synth_design
Attempting to get a license for feature 'Synthesis' and/or device 'xc7a35t'
INFO: [Common 17-349] Got license for feature 'Synthesis' and/or device 'xc7a35t'
INFO: [Designutils 20-5008] Incremental synthesis strategy off
INFO: [Synth 8-7079] Multithreading enabled for synth_design using a maximum of 2 processes.
INFO: [Synth 8-7078] Launching helper process for spawning children vivado processes
INFO: [Synth 8-7075] Helper process launched with PID 19156
---------------------------------------------------------------------------------
Starting Synthesize : Time (s): cpu = 00:00:06 ; elapsed = 00:00:07 . Memory (MB): peak = 1109.469 ; gain = 534.070
---------------------------------------------------------------------------------
INFO: [Synth 8-6157] synthesizing module 'design_1_Perceptron_BRAM_0_0' [c:/Users/flavi/Desktop/Perceptron_network/MLP/MLP.gen/sources_1/bd/design_1/ip/design_1_Perceptron_BRAM_0_0/synth/design_1_Perceptron_BRAM_0_0.v:53]
INFO: [Synth 8-638] synthesizing module 'Perceptron_BRAM' [C:/Users/flavi/Desktop/Perceptron_network/MLP/MLP.srcs/sources_1/new/Perceptron_BRAM.vhd:52]
	Parameter weight_array_size bound to: 7 - type: integer 
	Parameter size_integral_32bit bound to: 2 - type: integer 
	Parameter dead_bit_word_64bit bound to: 1 - type: integer 
INFO: [Synth 8-256] done synthesizing module 'Perceptron_BRAM' (0#1) [C:/Users/flavi/Desktop/Perceptron_network/MLP/MLP.srcs/sources_1/new/Perceptron_BRAM.vhd:52]
INFO: [Synth 8-6155] done synthesizing module 'design_1_Perceptron_BRAM_0_0' (0#1) [c:/Users/flavi/Desktop/Perceptron_network/MLP/MLP.gen/sources_1/bd/design_1/ip/design_1_Perceptron_BRAM_0_0/synth/design_1_Perceptron_BRAM_0_0.v:53]
---------------------------------------------------------------------------------
Finished Synthesize : Time (s): cpu = 00:00:08 ; elapsed = 00:00:10 . Memory (MB): peak = 1229.488 ; gain = 654.090
---------------------------------------------------------------------------------
---------------------------------------------------------------------------------
Finished Constraint Validation : Time (s): cpu = 00:00:09 ; elapsed = 00:00:10 . Memory (MB): peak = 1229.488 ; gain = 654.090
---------------------------------------------------------------------------------
---------------------------------------------------------------------------------
Start Loading Part and Timing Information
---------------------------------------------------------------------------------
Loading part: xc7a35tcpg236-1
---------------------------------------------------------------------------------
INFO: [Device 21-403] Loading part xc7a35tcpg236-1
Finished Loading Part and Timing Information : Time (s): cpu = 00:00:09 ; elapsed = 00:00:10 . Memory (MB): peak = 1229.488 ; gain = 654.090
---------------------------------------------------------------------------------
WARNING: [Synth 8-327] inferring latch for variable 'res_mul_reg' [C:/Users/flavi/Desktop/Perceptron_network/MLP/MLP.srcs/sources_1/new/Perceptron_BRAM.vhd:174]
---------------------------------------------------------------------------------
Finished RTL Optimization Phase 2 : Time (s): cpu = 00:00:09 ; elapsed = 00:00:10 . Memory (MB): peak = 1229.488 ; gain = 654.090
---------------------------------------------------------------------------------
No constraint files found.
---------------------------------------------------------------------------------
Start RTL Component Statistics 
---------------------------------------------------------------------------------
Detailed RTL Component Info : 
+---Adders : 
	   2 Input   32 Bit       Adders := 1     
	   3 Input   32 Bit       Adders := 2     
	   2 Input    8 Bit       Adders := 1     
+---XORs : 
	   2 Input      1 Bit         XORs := 1     
+---Registers : 
	               32 Bit    Registers := 1     
	                8 Bit    Registers := 1     
	                1 Bit    Registers := 2     
+---Multipliers : 
	              32x32  Multipliers := 1     
+---Muxes : 
	   2 Input   32 Bit        Muxes := 8     
	   2 Input    8 Bit        Muxes := 3     
	   2 Input    1 Bit        Muxes := 8     
---------------------------------------------------------------------------------
Finished RTL Component Statistics 
---------------------------------------------------------------------------------
---------------------------------------------------------------------------------
Start Part Resource Summary
---------------------------------------------------------------------------------
Part Resources:
DSPs: 90 (col length:60)
BRAMs: 100 (col length: RAMB18 60 RAMB36 30)
---------------------------------------------------------------------------------
Finished Part Resource Summary
---------------------------------------------------------------------------------
No constraint files found.
---------------------------------------------------------------------------------
Start Cross Boundary and Area Optimization
---------------------------------------------------------------------------------
DSP Report: Generating DSP inst/multOp, operation Mode is: A*B.
DSP Report: operator inst/multOp is absorbed into DSP inst/multOp.
DSP Report: operator inst/multOp is absorbed into DSP inst/multOp.
DSP Report: Generating DSP inst/multOp, operation Mode is: (PCIN>>17)+A*B.
DSP Report: operator inst/multOp is absorbed into DSP inst/multOp.
DSP Report: operator inst/multOp is absorbed into DSP inst/multOp.
DSP Report: Generating DSP inst/multOp, operation Mode is: A*B.
DSP Report: operator inst/multOp is absorbed into DSP inst/multOp.
DSP Report: operator inst/multOp is absorbed into DSP inst/multOp.
DSP Report: Generating DSP inst/multOp, operation Mode is: (PCIN>>17)+A*B.
DSP Report: operator inst/multOp is absorbed into DSP inst/multOp.
DSP Report: operator inst/multOp is absorbed into DSP inst/multOp.
INFO: [Synth 8-3917] design design_1_Perceptron_BRAM_0_0 has port Output_Value[31] driven by constant 0
INFO: [Synth 8-3332] Sequential element (inst/res_mul_reg[62]) is unused and will be removed from module design_1_Perceptron_BRAM_0_0.
INFO: [Synth 8-3332] Sequential element (inst/res_mul_reg[61]) is unused and will be removed from module design_1_Perceptron_BRAM_0_0.
INFO: [Synth 8-3332] Sequential element (inst/res_mul_reg[60]) is unused and will be removed from module design_1_Perceptron_BRAM_0_0.
INFO: [Synth 8-3332] Sequential element (inst/res_mul_reg[28]) is unused and will be removed from module design_1_Perceptron_BRAM_0_0.
INFO: [Synth 8-3332] Sequential element (inst/res_mul_reg[27]) is unused and will be removed from module design_1_Perceptron_BRAM_0_0.
INFO: [Synth 8-3332] Sequential element (inst/res_mul_reg[26]) is unused and will be removed from module design_1_Perceptron_BRAM_0_0.
INFO: [Synth 8-3332] Sequential element (inst/res_mul_reg[25]) is unused and will be removed from module design_1_Perceptron_BRAM_0_0.
INFO: [Synth 8-3332] Sequential element (inst/res_mul_reg[24]) is unused and will be removed from module design_1_Perceptron_BRAM_0_0.
INFO: [Synth 8-3332] Sequential element (inst/res_mul_reg[23]) is unused and will be removed from module design_1_Perceptron_BRAM_0_0.
INFO: [Synth 8-3332] Sequential element (inst/res_mul_reg[22]) is unused and will be removed from module design_1_Perceptron_BRAM_0_0.
INFO: [Synth 8-3332] Sequential element (inst/res_mul_reg[21]) is unused and will be removed from module design_1_Perceptron_BRAM_0_0.
INFO: [Synth 8-3332] Sequential element (inst/res_mul_reg[20]) is unused and will be removed from module design_1_Perceptron_BRAM_0_0.
INFO: [Synth 8-3332] Sequential element (inst/res_mul_reg[19]) is unused and will be removed from module design_1_Perceptron_BRAM_0_0.
INFO: [Synth 8-3332] Sequential element (inst/res_mul_reg[18]) is unused and will be removed from module design_1_Perceptron_BRAM_0_0.
INFO: [Synth 8-3332] Sequential element (inst/res_mul_reg[17]) is unused and will be removed from module design_1_Perceptron_BRAM_0_0.
INFO: [Synth 8-3332] Sequential element (inst/res_mul_reg[16]) is unused and will be removed from module design_1_Perceptron_BRAM_0_0.
INFO: [Synth 8-3332] Sequential element (inst/res_mul_reg[15]) is unused and will be removed from module design_1_Perceptron_BRAM_0_0.
INFO: [Synth 8-3332] Sequential element (inst/res_mul_reg[14]) is unused and will be removed from module design_1_Perceptron_BRAM_0_0.
INFO: [Synth 8-3332] Sequential element (inst/res_mul_reg[13]) is unused and will be removed from module design_1_Perceptron_BRAM_0_0.
INFO: [Synth 8-3332] Sequential element (inst/res_mul_reg[12]) is unused and will be removed from module design_1_Perceptron_BRAM_0_0.
INFO: [Synth 8-3332] Sequential element (inst/res_mul_reg[11]) is unused and will be removed from module design_1_Perceptron_BRAM_0_0.
INFO: [Synth 8-3332] Sequential element (inst/res_mul_reg[10]) is unused and will be removed from module design_1_Perceptron_BRAM_0_0.
INFO: [Synth 8-3332] Sequential element (inst/res_mul_reg[9]) is unused and will be removed from module design_1_Perceptron_BRAM_0_0.
INFO: [Synth 8-3332] Sequential element (inst/res_mul_reg[8]) is unused and will be removed from module design_1_Perceptron_BRAM_0_0.
INFO: [Synth 8-3332] Sequential element (inst/res_mul_reg[7]) is unused and will be removed from module design_1_Perceptron_BRAM_0_0.
INFO: [Synth 8-3332] Sequential element (inst/res_mul_reg[6]) is unused and will be removed from module design_1_Perceptron_BRAM_0_0.
INFO: [Synth 8-3332] Sequential element (inst/res_mul_reg[5]) is unused and will be removed from module design_1_Perceptron_BRAM_0_0.
INFO: [Synth 8-3332] Sequential element (inst/res_mul_reg[4]) is unused and will be removed from module design_1_Perceptron_BRAM_0_0.
INFO: [Synth 8-3332] Sequential element (inst/res_mul_reg[3]) is unused and will be removed from module design_1_Perceptron_BRAM_0_0.
INFO: [Synth 8-3332] Sequential element (inst/res_mul_reg[2]) is unused and will be removed from module design_1_Perceptron_BRAM_0_0.
INFO: [Synth 8-3332] Sequential element (inst/res_mul_reg[1]) is unused and will be removed from module design_1_Perceptron_BRAM_0_0.
INFO: [Synth 8-3332] Sequential element (inst/res_mul_reg[0]) is unused and will be removed from module design_1_Perceptron_BRAM_0_0.
---------------------------------------------------------------------------------
Finished Cross Boundary and Area Optimization : Time (s): cpu = 00:00:16 ; elapsed = 00:00:19 . Memory (MB): peak = 1436.961 ; gain = 861.562
---------------------------------------------------------------------------------
 Sort Area is  inst/multOp_0 : 0 0 : 3101 5754 : Used 1 time 0
 Sort Area is  inst/multOp_0 : 0 1 : 2653 5754 : Used 1 time 0
 Sort Area is  inst/multOp_3 : 0 0 : 2634 5119 : Used 1 time 0
 Sort Area is  inst/multOp_3 : 0 1 : 2485 5119 : Used 1 time 0
---------------------------------------------------------------------------------
Start ROM, RAM, DSP, Shift Register and Retiming Reporting
---------------------------------------------------------------------------------

DSP: Preliminary Mapping Report (see note below. The ' indicates corresponding REG is set)
+-----------------------------+----------------+--------+--------+--------+--------+--------+------+------+------+------+-------+------+------+
|Module Name                  | DSP Mapping    | A Size | B Size | C Size | D Size | P Size | AREG | BREG | CREG | DREG | ADREG | MREG | PREG | 
+-----------------------------+----------------+--------+--------+--------+--------+--------+------+------+------+------+-------+------+------+
|design_1_Perceptron_BRAM_0_0 | A*B            | 18     | 15     | -      | -      | 48     | 0    | 0    | -    | -    | -     | 0    | 0    | 
|design_1_Perceptron_BRAM_0_0 | (PCIN>>17)+A*B | 15     | 15     | -      | -      | 48     | 0    | 0    | -    | -    | -     | 0    | 0    | 
|design_1_Perceptron_BRAM_0_0 | A*B            | 18     | 18     | -      | -      | 48     | 0    | 0    | -    | -    | -     | 0    | 0    | 
|design_1_Perceptron_BRAM_0_0 | (PCIN>>17)+A*B | 18     | 15     | -      | -      | 48     | 0    | 0    | -    | -    | -     | 0    | 0    | 
+-----------------------------+----------------+--------+--------+--------+--------+--------+------+------+------+------+-------+------+------+

Note: The table above is a preliminary report that shows the DSPs inferred at the current stage of the synthesis flow. Some DSP may be reimplemented as non DSP primitives later in the synthesis flow. Multiple instantiated DSPs are reported only once.
---------------------------------------------------------------------------------
Finished ROM, RAM, DSP, Shift Register and Retiming Reporting
---------------------------------------------------------------------------------
No constraint files found.
---------------------------------------------------------------------------------
Start Timing Optimization
---------------------------------------------------------------------------------
---------------------------------------------------------------------------------
Finished Timing Optimization : Time (s): cpu = 00:00:16 ; elapsed = 00:00:19 . Memory (MB): peak = 1436.961 ; gain = 861.562
---------------------------------------------------------------------------------
---------------------------------------------------------------------------------
Start Technology Mapping
---------------------------------------------------------------------------------
---------------------------------------------------------------------------------
Finished Technology Mapping : Time (s): cpu = 00:00:16 ; elapsed = 00:00:19 . Memory (MB): peak = 1436.961 ; gain = 861.562
---------------------------------------------------------------------------------
---------------------------------------------------------------------------------
Start IO Insertion
---------------------------------------------------------------------------------
---------------------------------------------------------------------------------
Start Flattening Before IO Insertion
---------------------------------------------------------------------------------
---------------------------------------------------------------------------------
Finished Flattening Before IO Insertion
---------------------------------------------------------------------------------
---------------------------------------------------------------------------------
Start Final Netlist Cleanup
---------------------------------------------------------------------------------
---------------------------------------------------------------------------------
Finished Final Netlist Cleanup
---------------------------------------------------------------------------------
---------------------------------------------------------------------------------
Finished IO Insertion : Time (s): cpu = 00:00:22 ; elapsed = 00:00:26 . Memory (MB): peak = 1659.938 ; gain = 1084.539
---------------------------------------------------------------------------------
---------------------------------------------------------------------------------
Start Renaming Generated Instances
---------------------------------------------------------------------------------
---------------------------------------------------------------------------------
Finished Renaming Generated Instances : Time (s): cpu = 00:00:22 ; elapsed = 00:00:26 . Memory (MB): peak = 1659.938 ; gain = 1084.539
---------------------------------------------------------------------------------
---------------------------------------------------------------------------------
Start Rebuilding User Hierarchy
---------------------------------------------------------------------------------
---------------------------------------------------------------------------------
Finished Rebuilding User Hierarchy : Time (s): cpu = 00:00:22 ; elapsed = 00:00:26 . Memory (MB): peak = 1659.938 ; gain = 1084.539
---------------------------------------------------------------------------------
---------------------------------------------------------------------------------
Start Renaming Generated Ports
---------------------------------------------------------------------------------
---------------------------------------------------------------------------------
Finished Renaming Generated Ports : Time (s): cpu = 00:00:22 ; elapsed = 00:00:26 . Memory (MB): peak = 1659.938 ; gain = 1084.539
---------------------------------------------------------------------------------
---------------------------------------------------------------------------------
Start Handling Custom Attributes
---------------------------------------------------------------------------------
---------------------------------------------------------------------------------
Finished Handling Custom Attributes : Time (s): cpu = 00:00:23 ; elapsed = 00:00:26 . Memory (MB): peak = 1659.938 ; gain = 1084.539
---------------------------------------------------------------------------------
---------------------------------------------------------------------------------
Start Renaming Generated Nets
---------------------------------------------------------------------------------
---------------------------------------------------------------------------------
Finished Renaming Generated Nets : Time (s): cpu = 00:00:23 ; elapsed = 00:00:26 . Memory (MB): peak = 1659.938 ; gain = 1084.539
---------------------------------------------------------------------------------
---------------------------------------------------------------------------------
Start Writing Synthesis Report
---------------------------------------------------------------------------------

DSP Final Report (the ' indicates corresponding REG is set)
+-----------------------------+--------------+--------+--------+--------+--------+--------+------+------+------+------+-------+------+------+
|Module Name                  | DSP Mapping  | A Size | B Size | C Size | D Size | P Size | AREG | BREG | CREG | DREG | ADREG | MREG | PREG | 
+-----------------------------+--------------+--------+--------+--------+--------+--------+------+------+------+------+-------+------+------+
|design_1_Perceptron_BRAM_0_0 | A*B          | 17     | 14     | -      | -      | 48     | 0    | 0    | -    | -    | -     | 0    | 0    | 
|design_1_Perceptron_BRAM_0_0 | PCIN>>17+A*B | 14     | 14     | -      | -      | 48     | 0    | 0    | -    | -    | -     | 0    | 0    | 
|design_1_Perceptron_BRAM_0_0 | A*B          | 17     | 17     | -      | -      | 48     | 0    | 0    | -    | -    | -     | 0    | 0    | 
|design_1_Perceptron_BRAM_0_0 | PCIN>>17+A*B | 0      | 14     | -      | -      | 48     | 0    | 0    | -    | -    | -     | 0    | 0    | 
+-----------------------------+--------------+--------+--------+--------+--------+--------+------+------+------+------+-------+------+------+


Report BlackBoxes: 
+-+--------------+----------+
| |BlackBox name |Instances |
+-+--------------+----------+
+-+--------------+----------+

Report Cell Usage: 
+------+--------+------+
|      |Cell    |Count |
+------+--------+------+
|1     |CARRY4  |    42|
|2     |DSP48E1 |     4|
|3     |LUT1    |     1|
|4     |LUT2    |   172|
|5     |LUT3    |     2|
|6     |LUT4    |    31|
|7     |LUT5    |     9|
|8     |LUT6    |    68|
|9     |FDRE    |    37|
|10    |LD      |    32|
+------+--------+------+

Report Instance Areas: 
+------+---------+----------------+------+
|      |Instance |Module          |Cells |
+------+---------+----------------+------+
|1     |top      |                |   398|
|2     |  inst   |Perceptron_BRAM |   398|
+------+---------+----------------+------+
---------------------------------------------------------------------------------
Finished Writing Synthesis Report : Time (s): cpu = 00:00:23 ; elapsed = 00:00:26 . Memory (MB): peak = 1659.938 ; gain = 1084.539
---------------------------------------------------------------------------------
Synthesis finished with 0 errors, 0 critical warnings and 1 warnings.
Synthesis Optimization Runtime : Time (s): cpu = 00:00:23 ; elapsed = 00:00:26 . Memory (MB): peak = 1659.938 ; gain = 1084.539
Synthesis Optimization Complete : Time (s): cpu = 00:00:23 ; elapsed = 00:00:26 . Memory (MB): peak = 1659.938 ; gain = 1084.539
INFO: [Project 1-571] Translating synthesized netlist
Netlist sorting complete. Time (s): cpu = 00:00:00 ; elapsed = 00:00:00.009 . Memory (MB): peak = 1674.980 ; gain = 0.000
INFO: [Netlist 29-17] Analyzing 78 Unisim elements for replacement
INFO: [Netlist 29-28] Unisim Transformation completed in 0 CPU seconds
INFO: [Project 1-570] Preparing netlist for logic optimization
INFO: [Opt 31-138] Pushed 0 inverter(s) to 0 load pin(s).
Netlist sorting complete. Time (s): cpu = 00:00:00 ; elapsed = 00:00:00.001 . Memory (MB): peak = 1783.668 ; gain = 0.000
INFO: [Project 1-111] Unisim Transformation Summary:
  A total of 32 instances were transformed.
  LD => LDCE: 32 instances

Synth Design complete | Checksum: 2cc803a3
INFO: [Common 17-83] Releasing license: Synthesis
53 Infos, 1 Warnings, 0 Critical Warnings and 0 Errors encountered.
synth_design completed successfully
synth_design: Time (s): cpu = 00:00:26 ; elapsed = 00:00:31 . Memory (MB): peak = 1783.668 ; gain = 1208.289
INFO: [Timing 38-35] Done setting XDC timing constraints.
Write ShapeDB Complete: Time (s): cpu = 00:00:00 ; elapsed = 00:00:00.003 . Memory (MB): peak = 1783.668 ; gain = 0.000
INFO: [Common 17-1381] The checkpoint 'C:/Users/flavi/Desktop/Perceptron_network/MLP/MLP.runs/design_1_Perceptron_BRAM_0_0_synth_1/design_1_Perceptron_BRAM_0_0.dcp' has been generated.
write_checkpoint: Time (s): cpu = 00:00:08 ; elapsed = 00:00:09 . Memory (MB): peak = 1783.668 ; gain = 0.000
INFO: [Vivado 12-24828] Executing command : report_utilization -file design_1_Perceptron_BRAM_0_0_utilization_synth.rpt -pb design_1_Perceptron_BRAM_0_0_utilization_synth.pb
INFO: [Common 17-206] Exiting Vivado at Thu Jan 29 13:31:35 2026...
