#-----------------------------------------------------------
# Vivado v2025.2 (64-bit)
# SW Build 6299465 on Fri Nov 14 19:35:11 GMT 2025
# IP Build 6300035 on Fri Nov 14 10:48:45 MST 2025
# SharedData Build 6298862 on Thu Nov 13 04:50:51 MST 2025
# Start of session at: Wed Jan 14 20:24:17 2026
# Process ID         : 17132
# Current directory  : C:/Users/flavi/Desktop/Perceptron_network/MLP
# Command line       : vivado.exe -gui_launcher_event rodinguilauncherevent6296 C:\Users\flavi\Desktop\Perceptron_network\MLP\MLP.xpr
# Log file           : C:/Users/flavi/Desktop/Perceptron_network/MLP/vivado.log
# Journal file       : C:/Users/flavi/Desktop/Perceptron_network/MLP\vivado.jou
# Running On         : fixe_flavien
# Platform           : Windows Server 2016 or Windows 10
# Operating System   : 26200
# Processor Detail   : AMD Ryzen 5 3600X 6-Core Processor             
# CPU Frequency      : 3800 MHz
# CPU Physical cores : 6
# CPU Logical cores  : 12
# Host memory        : 34281 MB
# Swap memory        : 2147 MB
# Total Virtual      : 36429 MB
# Available Virtual  : 22824 MB
#-----------------------------------------------------------
start_gui
open_project C:/Users/flavi/Desktop/Perceptron_network/MLP/MLP.xpr
update_compile_order -fileset sources_1
update_compile_order -fileset sim_1
reset_run synth_1
launch_runs synth_1 -jobs 6
wait_on_run synth_1
launch_simulation
open_wave_config C:/Users/flavi/Desktop/Perceptron_network/MLP/simulation_Perceptron_CONFIG.wcfg
source simulation_Perceptron.tcl
close_sim
